// Jest Snapshot v1, https://goo.gl/fbAQLP

exports[`<App /> matches snapshot 1`] = `
<div
  className="App"
>
  <header
    className="App-header"
  >
    <img
      alt="logo"
      className="App-logo"
      src="logo.svg"
    />
    <p>
      Edit 
      <code>
        src/App.js
      </code>
<<<<<<< HEAD
       and save to reload.
=======
       and manually reload.
>>>>>>> 5cb5642b9147d654f866ca0a7ba87b39f7cc5fc4
    </p>
    <a
      className="App-link"
      href="https://reactjs.org"
      rel="noopener noreferrer"
      target="_blank"
    >
      Learn React
    </a>
    <button
      data-testid="speak"
      onClick={[Function]}
    >
      Speak
    </button>
    <div>
      
    </div>
  </header>
</div>
`;
